// Jest Snapshot v1, https://goo.gl/fbAQLP

exports[`HomeRestoration renders correctly 1`] = `
<section
  id="restorations"
>
  <div
    className="flex-columns column-reverse"
  >
    <div
      className="column-1"
    >
      <img
        alt=""
        src="rhodes-1.jpg"
      />
    </div>
    <div
      className="column-2 background-coral"
    >
      <h2>
        Instrument Restoration
      </h2>
      <p>
        Lorem ipsum dolor sit amet consectetur adipisicing elit. Quasi, tenetur suscipit. Commodi perspiciatis iusto pariatur, architecto non, officiis quidem magnam sunt rem autem totam quisquam repudiandae consectetur quos repellat eius vitae cupiditate voluptates optio hic veritatis. Eaque vel et nemo.
      </p>
      <Link
        className="btn-blue"
        to="/restoration"
      >
        See His Work
      </Link>
    </div>
  </div>
</section>
`;
