// Jest Snapshot v1, https://goo.gl/fbAQLP

exports[`StorePlaceholder renders correctly 1`] = `
<div>
  <StoreShowcase />
</div>
`;
