// Jest Snapshot v1, https://goo.gl/fbAQLP

exports[`Home renders correctly 1`] = `
<div>
  <HomeShowcase />
  <HomeAbout />
  <HomeRestoration />
  <HomeRepair />
  <HomeStore />
</div>
`;
