// Jest Snapshot v1, https://goo.gl/fbAQLP

exports[`Repair renders correctly 1`] = `
<div>
  <Placeholder />
</div>
`;
