// Jest Snapshot v1, https://goo.gl/fbAQLP

exports[`Restoration renders correctly 1`] = `
<div>
  <RestorationMain />
  <HomeRepair />
  <HomeStore />
</div>
`;
